#
# There is insufficient memory for the Java Runtime Environment to continue.
# Native memory allocation (mmap) failed to map 28311552 bytes. Error detail: G1 virtual space
# Possible reasons:
#   The system is out of physical RAM or swap space
#   This process is running with CompressedOops enabled, and the Java Heap may be blocking the growth of the native heap
# Possible solutions:
#   Reduce memory load on the system
#   Increase physical memory or swap space
#   Check if swap backing store is full
#   Decrease Java heap size (-Xmx/-Xms)
#   Decrease number of Java threads
#   Decrease Java thread stack sizes (-Xss)
#   Set larger code cache with -XX:ReservedCodeCacheSize=
#   JVM is running with Unscaled Compressed Oops mode in which the Java heap is
#     placed in the first 4GB address space. The Java Heap base address is the
#     maximum limit for the native heap growth. Please use -XX:HeapBaseMinAddress
#     to set the Java Heap base and to place the Java Heap above 4GB virtual address.
# This output file may be truncated or incomplete.
#
#  Out of Memory Error (os_windows.cpp:3686), pid=19996, tid=26328
#
# JRE version: OpenJDK Runtime Environment Temurin-21.0.7+6 (21.0.7+6) (build 21.0.7+6-LTS)
# Java VM: OpenJDK 64-Bit Server VM Temurin-21.0.7+6 (21.0.7+6-LTS, mixed mode, emulated-client, sharing, tiered, compressed oops, compressed class ptrs, g1 gc, windows-amd64)
# No core dump will be written. Minidumps are not enabled by default on client versions of Windows
#

---------------  S U M M A R Y ------------

Command Line: -Dcom.sun.management.jmxremote -Dcom.sun.management.jmxremote.port=65423 -Dcom.sun.management.jmxremote.authenticate=false -Dcom.sun.management.jmxremote.ssl=false -Djava.rmi.server.hostname=localhost -Dspring.jmx.enabled=true -Dmanagement.endpoints.jmx.exposure.include=* -Dspring.application.admin.enabled=true -Dspring.output.ansi.enabled=always -XX:TieredStopAtLevel=1 -Dspring.boot.project.name=turnos -Dfile.encoding=UTF-8 -Dstdout.encoding=UTF-8 -Dstderr.encoding=UTF-8 -XX:+ShowCodeDetailsInExceptionMessages ies.belgrano.turnos.TurnosApplication

Host: Intel(R) Celeron(R) N4120 CPU @ 1.10GHz, 4 cores, 3G,  Windows 11 , 64 bit Build 26100 (10.0.26100.9168)
Time: Tue Oct  6 01:50:22 2026 Hora estándar de Argentina elapsed time: 80.865956 seconds (0d 0h 1m 20s)

---------------  T H R E A D  ---------------

Current thread (0x000001f19b8dbeb0):  VMThread "VM Thread"          [id=26328, stack(0x00000085c6100000,0x00000085c6200000) (1024K)]

Stack: [0x00000085c6100000,0x00000085c6200000]
Native frames: (J=compiled Java code, j=interpreted, Vv=VM code, C=native code)
V  [jvm.dll+0x6ce119]
V  [jvm.dll+0x8a84a1]
V  [jvm.dll+0x8aa9ce]
V  [jvm.dll+0x8ab0b3]
V  [jvm.dll+0x27f8a6]
V  [jvm.dll+0x6ca945]
V  [jvm.dll+0x6bebea]
V  [jvm.dll+0x355eca]
V  [jvm.dll+0x35da96]
V  [jvm.dll+0x3af72e]
V  [jvm.dll+0x3af9d8]
V  [jvm.dll+0x32a05c]
V  [jvm.dll+0x32a0e7]
V  [jvm.dll+0x36deac]
V  [jvm.dll+0x36c6f8]
V  [jvm.dll+0x329821]
V  [jvm.dll+0x36bd6a]
V  [jvm.dll+0x8b0dcf]
V  [jvm.dll+0x8b2154]
V  [jvm.dll+0x8b2690]
V  [jvm.dll+0x8b2933]
V  [jvm.dll+0x851f6b]
V  [jvm.dll+0x6cc7dd]
C  [ucrtbase.dll+0x2cd30]
C  [KERNEL32.DLL+0x2ccb7]
C  [ntdll.dll+0xaad6c]

VM_Operation (0x00000085c5af7a50): G1CollectForAllocation, mode: safepoint, requested by thread 0x000001f18cc5e360


---------------  P R O C E S S  ---------------

Threads class SMR info:
_java_thread_list=0x000001f1e3788c80, length=23, elements={
0x000001f18cc5e360, 0x000001f19b8fc390, 0x000001f19b8ffec0, 0x000001f19b902120,
0x000001f19b904790, 0x000001f19b904df0, 0x000001f19b905450, 0x000001f19b905ab0,
0x000001f19b9ae7b0, 0x000001f19ba4da00, 0x000001f1e1314860, 0x000001f1e131e9a0,
0x000001f1e1332000, 0x000001f1e135dc60, 0x000001f1e135eee0, 0x000001f1e137fd60,
0x000001f1e139e1b0, 0x000001f1e142b4e0, 0x000001f1e25252d0, 0x000001f1e2524c40,
0x000001f1e2525960, 0x000001f1e2525ff0, 0x000001f1e2522b70
}

Java Threads: ( => current thread )
  0x000001f18cc5e360 JavaThread "main"                              [_thread_blocked, id=12908, stack(0x00000085c5a00000,0x00000085c5b00000) (1024K)]
  0x000001f19b8fc390 JavaThread "Reference Handler"          daemon [_thread_blocked, id=22704, stack(0x00000085c6200000,0x00000085c6300000) (1024K)]
  0x000001f19b8ffec0 JavaThread "Finalizer"                  daemon [_thread_blocked, id=20428, stack(0x00000085c6300000,0x00000085c6400000) (1024K)]
  0x000001f19b902120 JavaThread "Signal Dispatcher"          daemon [_thread_blocked, id=21732, stack(0x00000085c6400000,0x00000085c6500000) (1024K)]
  0x000001f19b904790 JavaThread "Attach Listener"            daemon [_thread_blocked, id=24756, stack(0x00000085c6500000,0x00000085c6600000) (1024K)]
  0x000001f19b904df0 JavaThread "Service Thread"             daemon [_thread_blocked, id=20248, stack(0x00000085c6600000,0x00000085c6700000) (1024K)]
  0x000001f19b905450 JavaThread "Monitor Deflation Thread"   daemon [_thread_blocked, id=3924, stack(0x00000085c6700000,0x00000085c6800000) (1024K)]
  0x000001f19b905ab0 JavaThread "C1 CompilerThread0"         daemon [_thread_blocked, id=17064, stack(0x00000085c6800000,0x00000085c6900000) (1024K)]
  0x000001f19b9ae7b0 JavaThread "Common-Cleaner"             daemon [_thread_blocked, id=6860, stack(0x00000085c6900000,0x00000085c6a00000) (1024K)]
  0x000001f19ba4da00 JavaThread "Notification Thread"        daemon [_thread_blocked, id=15240, stack(0x00000085c6c00000,0x00000085c6d00000) (1024K)]
  0x000001f1e1314860 JavaThread "RMI TCP Accept-0"           daemon [_thread_in_native, id=23860, stack(0x00000085c7000000,0x00000085c7100000) (1024K)]
  0x000001f1e131e9a0 JavaThread "RMI TCP Accept-65423"       daemon [_thread_in_native, id=22552, stack(0x00000085c7100000,0x00000085c7200000) (1024K)]
  0x000001f1e1332000 JavaThread "RMI TCP Connection(idle)"   daemon [_thread_blocked, id=2116, stack(0x00000085c7200000,0x00000085c7300000) (1024K)]
  0x000001f1e135dc60 JavaThread "RMI TCP Accept-0"           daemon [_thread_in_native, id=27508, stack(0x00000085c7300000,0x00000085c7400000) (1024K)]
  0x000001f1e135eee0 JavaThread "RMI Scheduler(0)"           daemon [_thread_blocked, id=26020, stack(0x00000085c7400000,0x00000085c7500000) (1024K)]
  0x000001f1e137fd60 JavaThread "RMI TCP Connection(idle)"   daemon [_thread_blocked, id=17476, stack(0x00000085c7500000,0x00000085c7600000) (1024K)]
  0x000001f1e139e1b0 JavaThread "JMX server connection timeout 30" daemon [_thread_blocked, id=9360, stack(0x00000085c7600000,0x00000085c7700000) (1024K)]
  0x000001f1e142b4e0 JavaThread "RMI TCP Connection(3)-127.0.0.1" daemon [_thread_blocked, id=14412, stack(0x00000085c7700000,0x00000085c7800000) (1024K)]
  0x000001f1e25252d0 JavaThread "Catalina-utility-1"                [_thread_blocked, id=27524, stack(0x00000085c7a00000,0x00000085c7b00000) (1024K)]
  0x000001f1e2524c40 JavaThread "Catalina-utility-2"                [_thread_blocked, id=25160, stack(0x00000085c7b00000,0x00000085c7c00000) (1024K)]
  0x000001f1e2525960 JavaThread "container-0"                       [_thread_blocked, id=12160, stack(0x00000085c7c00000,0x00000085c7d00000) (1024K)]
  0x000001f1e2525ff0 JavaThread "mysql-cj-abandoned-connection-cleanup" daemon [_thread_blocked, id=22284, stack(0x00000085c6b00000,0x00000085c6c00000) (1024K)]
  0x000001f1e2522b70 JavaThread "HikariPool-1:housekeeper"   daemon [_thread_blocked, id=20008, stack(0x00000085c6a00000,0x00000085c6b00000) (1024K)]
Total: 23

Other Threads:
=>0x000001f19b8dbeb0 VMThread "VM Thread"                           [id=26328, stack(0x00000085c6100000,0x00000085c6200000) (1024K)]
  0x000001f19b8cda20 WatcherThread "VM Periodic Task Thread"        [id=3864, stack(0x00000085c6000000,0x00000085c6100000) (1024K)]
  0x000001f18cc948e0 WorkerThread "GC Thread#0"                     [id=18292, stack(0x00000085c5b00000,0x00000085c5c00000) (1024K)]
  0x000001f1e1251620 WorkerThread "GC Thread#1"                     [id=27568, stack(0x00000085c6d00000,0x00000085c6e00000) (1024K)]
  0x000001f1e125ba60 WorkerThread "GC Thread#2"                     [id=20956, stack(0x00000085c6e00000,0x00000085c6f00000) (1024K)]
  0x000001f1e125eef0 WorkerThread "GC Thread#3"                     [id=24988, stack(0x00000085c6f00000,0x00000085c7000000) (1024K)]
  0x000001f18cc9de20 ConcurrentGCThread "G1 Main Marker"            [id=27588, stack(0x00000085c5c00000,0x00000085c5d00000) (1024K)]
  0x000001f18cc9fe50 WorkerThread "G1 Conc#0"                       [id=5540, stack(0x00000085c5d00000,0x00000085c5e00000) (1024K)]
  0x000001f18ccf5210 ConcurrentGCThread "G1 Refine#0"               [id=6024, stack(0x00000085c5e00000,0x00000085c5f00000) (1024K)]
  0x000001f18ccf6b10 ConcurrentGCThread "G1 Service"                [id=21304, stack(0x00000085c5f00000,0x00000085c6000000) (1024K)]
Total: 10

Threads with active compile tasks:
Total: 0

VM state: at safepoint (normal execution)

VM Mutex/Monitor currently owned by a thread:  ([mutex/lock_event])
[0x00007ffbf7b7e308] Threads_lock - owner thread: 0x000001f19b8dbeb0
[0x00007ffbf7b7e408] Heap_lock - owner thread: 0x000001f18cc5e360

Heap address: 0x00000000c2e00000, size: 978 MB, Compressed Oops mode: 32-bit

CDS archive(s) mapped at: [0x000001f19c000000-0x000001f19cc80000-0x000001f19cc80000), size 13107200, SharedBaseAddress: 0x000001f19c000000, ArchiveRelocationMode: 1.
Compressed class space mapped at: 0x000001f19d000000-0x000001f1dd000000, reserved size: 1073741824
Narrow klass base: 0x000001f19c000000, Narrow klass shift: 0, Narrow klass range: 0x100000000

GC Precious Log:
 CardTable entry size: 512
 Card Set container configuration: InlinePtr #cards 5 size 8 Array Of Cards #cards 12 size 40 Howl #buckets 4 coarsen threshold 1843 Howl Bitmap #cards 512 size 80 coarsen threshold 460 Card regions per heap region 1 cards per card region 2048
 CPUs: 4 total, 4 available
 Memory: 3909M
 Large Page Support: Disabled
 NUMA Support: Disabled
 Compressed Oops: Enabled (32-bit)
 Heap Region Size: 1M
 Heap Min Capacity: 8M
 Heap Initial Capacity: 62M
 Heap Max Capacity: 978M
 Pre-touch: Disabled
 Parallel Workers: 4
 Concurrent Workers: 1
 Concurrent Refinement Workers: 4
 Periodic GC: Disabled

Heap:
 garbage-first heap   total 68608K, used 44309K [0x00000000c2e00000, 0x0000000100000000)
  region size 1024K, 2 young (2048K), 2 survivors (2048K)
 Metaspace       used 77065K, committed 77760K, reserved 1179648K
  class space    used 10974K, committed 11264K, reserved 1048576K

Heap Regions: E=young(eden), S=young(survivor), O=old, HS=humongous(starts), HC=humongous(continues), CS=collection set, F=free, TAMS=top-at-mark-start, PB=parsable bottom
|   0|0x00000000c2e00000, 0x00000000c2f00000, 0x00000000c2f00000|100%|HS|  |TAMS 0x00000000c2f00000| PB 0x00000000c2e00000| Complete 
|   1|0x00000000c2f00000, 0x00000000c3000000, 0x00000000c3000000|100%| O|  |TAMS 0x00000000c3000000| PB 0x00000000c2f00000| Untracked 
|   2|0x00000000c3000000, 0x00000000c3100000, 0x00000000c3100000|100%| O|  |TAMS 0x00000000c3100000| PB 0x00000000c3000000| Untracked 
|   3|0x00000000c3100000, 0x00000000c3200000, 0x00000000c3200000|100%| O|  |TAMS 0x00000000c3200000| PB 0x00000000c3100000| Untracked 
|   4|0x00000000c3200000, 0x00000000c3300000, 0x00000000c3300000|100%| O|  |TAMS 0x00000000c3300000| PB 0x00000000c3200000| Untracked 
|   5|0x00000000c3300000, 0x00000000c3400000, 0x00000000c3400000|100%| O|  |TAMS 0x00000000c3400000| PB 0x00000000c3300000| Untracked 
|   6|0x00000000c3400000, 0x00000000c3500000, 0x00000000c3500000|100%| O|  |TAMS 0x00000000c3500000| PB 0x00000000c3400000| Updating 
|   7|0x00000000c3500000, 0x00000000c3600000, 0x00000000c3600000|100%| O|  |TAMS 0x00000000c3600000| PB 0x00000000c3500000| Untracked 
|   8|0x00000000c3600000, 0x00000000c3700000, 0x00000000c3700000|100%| O|  |TAMS 0x00000000c3700000| PB 0x00000000c3600000| Updating 
|   9|0x00000000c3700000, 0x00000000c3800000, 0x00000000c3800000|100%| O|  |TAMS 0x00000000c3800000| PB 0x00000000c3700000| Updating 
|  10|0x00000000c3800000, 0x00000000c3900000, 0x00000000c3900000|100%| O|  |TAMS 0x00000000c3900000| PB 0x00000000c3800000| Untracked 
|  11|0x00000000c3900000, 0x00000000c3a00000, 0x00000000c3a00000|100%| O|  |TAMS 0x00000000c3a00000| PB 0x00000000c3900000| Updating 
|  12|0x00000000c3a00000, 0x00000000c3b00000, 0x00000000c3b00000|100%| O|  |TAMS 0x00000000c3b00000| PB 0x00000000c3a00000| Untracked 
|  13|0x00000000c3b00000, 0x00000000c3c00000, 0x00000000c3c00000|100%| O|  |TAMS 0x00000000c3c00000| PB 0x00000000c3b00000| Updating 
|  14|0x00000000c3c00000, 0x00000000c3d00000, 0x00000000c3d00000|100%| O|  |TAMS 0x00000000c3d00000| PB 0x00000000c3c00000| Untracked 
|  15|0x00000000c3d00000, 0x00000000c3e00000, 0x00000000c3e00000|100%| O|  |TAMS 0x00000000c3e00000| PB 0x00000000c3d00000| Untracked 
|  16|0x00000000c3e00000, 0x00000000c3f00000, 0x00000000c3f00000|100%| O|  |TAMS 0x00000000c3f00000| PB 0x00000000c3e00000| Untracked 
|  17|0x00000000c3f00000, 0x00000000c4000000, 0x00000000c4000000|100%| O|  |TAMS 0x00000000c4000000| PB 0x00000000c3f00000| Untracked 
|  18|0x00000000c4000000, 0x00000000c4100000, 0x00000000c4100000|100%| O|  |TAMS 0x00000000c4100000| PB 0x00000000c4000000| Untracked 
|  19|0x00000000c4100000, 0x00000000c4200000, 0x00000000c4200000|100%| O|  |TAMS 0x00000000c4200000| PB 0x00000000c4100000| Untracked 
|  20|0x00000000c4200000, 0x00000000c4300000, 0x00000000c4300000|100%| O|  |TAMS 0x00000000c4300000| PB 0x00000000c4200000| Updating 
|  21|0x00000000c4300000, 0x00000000c4400000, 0x00000000c4400000|100%| O|  |TAMS 0x00000000c4400000| PB 0x00000000c4300000| Untracked 
|  22|0x00000000c4400000, 0x00000000c4500000, 0x00000000c4500000|100%| O|  |TAMS 0x00000000c4500000| PB 0x00000000c4400000| Untracked 
|  23|0x00000000c4500000, 0x00000000c4600000, 0x00000000c4600000|100%| O|  |TAMS 0x00000000c4500000| PB 0x00000000c4500000| Untracked 
|  24|0x00000000c4600000, 0x00000000c4700000, 0x00000000c4700000|100%| O|  |TAMS 0x00000000c4700000| PB 0x00000000c4600000| Untracked 
|  25|0x00000000c4700000, 0x00000000c4800000, 0x00000000c4800000|100%| O|  |TAMS 0x00000000c4700000| PB 0x00000000c4700000| Untracked 
|  26|0x00000000c4800000, 0x00000000c4900000, 0x00000000c4900000|100%| O|  |TAMS 0x00000000c4900000| PB 0x00000000c4800000| Untracked 
|  27|0x00000000c4900000, 0x00000000c4a00000, 0x00000000c4a00000|100%| O|  |TAMS 0x00000000c4a00000| PB 0x00000000c4900000| Untracked 
|  28|0x00000000c4a00000, 0x00000000c4b00000, 0x00000000c4b00000|100%| O|  |TAMS 0x00000000c4b00000| PB 0x00000000c4a00000| Untracked 
|  29|0x00000000c4b00000, 0x00000000c4c00000, 0x00000000c4c00000|100%| O|  |TAMS 0x00000000c4c00000| PB 0x00000000c4b00000| Updating 
|  30|0x00000000c4c00000, 0x00000000c4d00000, 0x00000000c4d00000|100%| O|  |TAMS 0x00000000c4d00000| PB 0x00000000c4c00000| Untracked 
|  31|0x00000000c4d00000, 0x00000000c4e00000, 0x00000000c4e00000|100%| O|  |TAMS 0x00000000c4e00000| PB 0x00000000c4e00000| Untracked 
|  32|0x00000000c4e00000, 0x00000000c4f00000, 0x00000000c4f00000|100%| O|  |TAMS 0x00000000c4f00000| PB 0x00000000c4f00000| Untracked 
|  33|0x00000000c4f00000, 0x00000000c5000000, 0x00000000c5000000|100%| O|  |TAMS 0x00000000c5000000| PB 0x00000000c5000000| Untracked 
|  34|0x00000000c5000000, 0x00000000c5100000, 0x00000000c5100000|100%| O|  |TAMS 0x00000000c5100000| PB 0x00000000c5100000| Untracked 
|  35|0x00000000c5100000, 0x00000000c5200000, 0x00000000c5200000|100%| O|  |TAMS 0x00000000c5100000| PB 0x00000000c5100000| Untracked 
|  36|0x00000000c5200000, 0x00000000c5300000, 0x00000000c5300000|100%| O|  |TAMS 0x00000000c5200000| PB 0x00000000c5200000| Untracked 
|  37|0x00000000c5300000, 0x00000000c5400000, 0x00000000c5400000|100%| O|  |TAMS 0x00000000c5300000| PB 0x00000000c5300000| Untracked 
|  38|0x00000000c5400000, 0x00000000c5500000, 0x00000000c5500000|100%| O|  |TAMS 0x00000000c5400000| PB 0x00000000c5400000| Updating 
|  39|0x00000000c5500000, 0x00000000c5600000, 0x00000000c5600000|100%| O|  |TAMS 0x00000000c5500000| PB 0x00000000c5500000| Untracked 
|  40|0x00000000c5600000, 0x00000000c5600000, 0x00000000c5700000|  0%| F|  |TAMS 0x00000000c5600000| PB 0x00000000c5600000| Untracked 
|  41|0x00000000c5700000, 0x00000000c5700000, 0x00000000c5800000|  0%| F|  |TAMS 0x00000000c5700000| PB 0x00000000c5700000| Untracked 
|  42|0x00000000c5800000, 0x00000000c5800000, 0x00000000c5900000|  0%| F|  |TAMS 0x00000000c5800000| PB 0x00000000c5800000| Untracked 
|  43|0x00000000c5900000, 0x00000000c5945730, 0x00000000c5a00000| 27%| O|  |TAMS 0x00000000c5900000| PB 0x00000000c5900000| Untracked 
|  44|0x00000000c5a00000, 0x00000000c5a00000, 0x00000000c5b00000|  0%| F|  |TAMS 0x00000000c5a00000| PB 0x00000000c5a00000| Untracked 
|  45|0x00000000c5b00000, 0x00000000c5b00000, 0x00000000c5c00000|  0%| F|  |TAMS 0x00000000c5b00000| PB 0x00000000c5b00000| Untracked 
|  46|0x00000000c5c00000, 0x00000000c5c00000, 0x00000000c5d00000|  0%| F|  |TAMS 0x00000000c5c00000| PB 0x00000000c5c00000| Untracked 
|  47|0x00000000c5d00000, 0x00000000c5d00000, 0x00000000c5e00000|  0%| F|  |TAMS 0x00000000c5d00000| PB 0x00000000c5d00000| Untracked 
|  48|0x00000000c5e00000, 0x00000000c5e00000, 0x00000000c5f00000|  0%| F|  |TAMS 0x00000000c5e00000| PB 0x00000000c5e00000| Untracked 
|  49|0x00000000c5f00000, 0x00000000c5f00000, 0x00000000c6000000|  0%| F|  |TAMS 0x00000000c5f00000| PB 0x00000000c5f00000| Untracked 
|  50|0x00000000c6000000, 0x00000000c6000000, 0x00000000c6100000|  0%| F|  |TAMS 0x00000000c6000000| PB 0x00000000c6000000| Untracked 
|  51|0x00000000c6100000, 0x00000000c6100000, 0x00000000c6200000|  0%| F|  |TAMS 0x00000000c6100000| PB 0x00000000c6100000| Untracked 
|  52|0x00000000c6200000, 0x00000000c6200000, 0x00000000c6300000|  0%| F|  |TAMS 0x00000000c6200000| PB 0x00000000c6200000| Untracked 
|  53|0x00000000c6300000, 0x00000000c6300000, 0x00000000c6400000|  0%| F|  |TAMS 0x00000000c6300000| PB 0x00000000c6300000| Untracked 
|  54|0x00000000c6400000, 0x00000000c6400000, 0x00000000c6500000|  0%| F|  |TAMS 0x00000000c6400000| PB 0x00000000c6400000| Untracked 
|  55|0x00000000c6500000, 0x00000000c6500000, 0x00000000c6600000|  0%| F|  |TAMS 0x00000000c6500000| PB 0x00000000c6500000| Untracked 
|  56|0x00000000c6600000, 0x00000000c6600000, 0x00000000c6700000|  0%| F|  |TAMS 0x00000000c6600000| PB 0x00000000c6600000| Untracked 
|  57|0x00000000c6700000, 0x00000000c6700000, 0x00000000c6800000|  0%| F|  |TAMS 0x00000000c6700000| PB 0x00000000c6700000| Untracked 
|  58|0x00000000c6800000, 0x00000000c6800000, 0x00000000c6900000|  0%| F|  |TAMS 0x00000000c6800000| PB 0x00000000c6800000| Untracked 
|  59|0x00000000c6900000, 0x00000000c6900000, 0x00000000c6a00000|  0%| F|  |TAMS 0x00000000c6900000| PB 0x00000000c6900000| Untracked 
|  60|0x00000000c6a00000, 0x00000000c6b00000, 0x00000000c6b00000|100%| S|CS|TAMS 0x00000000c6a00000| PB 0x00000000c6a00000| Complete 
|  61|0x00000000c6b00000, 0x00000000c6b00000, 0x00000000c6c00000|  0%| F|  |TAMS 0x00000000c6b00000| PB 0x00000000c6b00000| Untracked 
|  62|0x00000000c6c00000, 0x00000000c6d00000, 0x00000000c6d00000|100%| S|CS|TAMS 0x00000000c6c00000| PB 0x00000000c6c00000| Complete 
|  63|0x00000000c6d00000, 0x00000000c6d00000, 0x00000000c6e00000|  0%| F|  |TAMS 0x00000000c6d00000| PB 0x00000000c6d00000| Untracked 
|  64|0x00000000c6e00000, 0x00000000c6e00000, 0x00000000c6f00000|  0%| F|  |TAMS 0x00000000c6e00000| PB 0x00000000c6e00000| Untracked 
|  65|0x00000000c6f00000, 0x00000000c6f00000, 0x00000000c7000000|  0%| F|  |TAMS 0x00000000c6f00000| PB 0x00000000c6f00000| Untracked 
| 977|0x00000000fff00000, 0x0000000100000000, 0x0000000100000000|100%| O|  |TAMS 0x00000000fff57ed0| PB 0x00000000fff57ed0| Updating 

Card table byte_map: [0x000001f198340000,0x000001f198530000] _byte_map_base: 0x000001f197d29000

Marking Bits: (CMBitMap*) 0x000001f18cc94ef0
 Bits: [0x000001f198530000, 0x000001f199478000)

Polling page: 0x000001f18aa70000

Metaspace:

Usage:
  Non-class:     64.54 MB used.
      Class:     10.72 MB used.
       Both:     75.26 MB used.

Virtual space:
  Non-class space:      128.00 MB reserved,      64.94 MB ( 51%) committed,  2 nodes.
      Class space:        1.00 GB reserved,      11.00 MB (  1%) committed,  1 nodes.
             Both:        1.12 GB reserved,      75.94 MB (  7%) committed. 

Chunk freelists:
   Non-Class:  15.09 MB
       Class:  4.89 MB
        Both:  19.98 MB

MaxMetaspaceSize: unlimited
CompressedClassSpaceSize: 1.00 GB
Initial GC threshold: 21.00 MB
Current GC threshold: 126.56 MB
CDS: on
 - commit_granule_bytes: 65536.
 - commit_granule_words: 8192.
 - virtual_space_node_default_size: 8388608.
 - enlarge_chunks_in_place: 1.
 - use_allocation_guard: 0.


Internal statistics:

num_allocs_failed_limit: 6.
num_arena_births: 1222.
num_arena_deaths: 340.
num_vsnodes_births: 3.
num_vsnodes_deaths: 0.
num_space_committed: 1215.
num_space_uncommitted: 0.
num_chunks_returned_to_freelist: 391.
num_chunks_taken_from_freelist: 4236.
num_chunk_merges: 104.
num_chunk_splits: 2923.
num_chunks_enlarged: 2318.
num_inconsistent_stats: 0.

CodeCache: size=49152Kb used=11126Kb max_used=11136Kb free=38025Kb
 bounds [0x000001f195340000, 0x000001f195e30000, 0x000001f198340000]
 total_blobs=7185 nmethods=6447 adapters=661
 compilation: enabled
              stopped_count=0, restarted_count=0
 full_count=0

Compilation events (20 events):
Event: 80.100 Thread 0x000001f19b905ab0 6555       1       org.antlr.v4.runtime.dfa.DFA::isPrecedenceDfa (5 bytes)
Event: 80.100 Thread 0x000001f19b905ab0 nmethod 6555 0x000001f195e1dc10 code [0x000001f195e1dda0, 0x000001f195e1de70]
Event: 80.106 Thread 0x000001f19b905ab0 6558       1       org.antlr.v4.runtime.BufferedTokenStream::nextTokenOnChannel (85 bytes)
Event: 80.107 Thread 0x000001f19b905ab0 nmethod 6558 0x000001f195e1df10 code [0x000001f195e1e120, 0x000001f195e1e500]
Event: 80.107 Thread 0x000001f19b905ab0 6556       1       org.antlr.v4.runtime.BufferedTokenStream::LA (11 bytes)
Event: 80.107 Thread 0x000001f19b905ab0 nmethod 6556 0x000001f195e1e710 code [0x000001f195e1e8c0, 0x000001f195e1e9f0]
Event: 80.107 Thread 0x000001f19b905ab0 6557       1       org.antlr.v4.runtime.CommonTokenStream::adjustSeekIndex (10 bytes)
Event: 80.107 Thread 0x000001f19b905ab0 nmethod 6557 0x000001f195e1eb10 code [0x000001f195e1ecc0, 0x000001f195e1eda8]
Event: 80.107 Thread 0x000001f19b905ab0 6559       1       org.antlr.v4.runtime.BufferedTokenStream::index (5 bytes)
Event: 80.108 Thread 0x000001f19b905ab0 nmethod 6559 0x000001f195e1ee90 code [0x000001f195e1f020, 0x000001f195e1f0e8]
Event: 80.108 Thread 0x000001f19b905ab0 6562       1       org.antlr.v4.runtime.CodePointCharStream::mark (2 bytes)
Event: 80.108 Thread 0x000001f19b905ab0 nmethod 6562 0x000001f195e1f190 code [0x000001f195e1f320, 0x000001f195e1f3e8]
Event: 80.108 Thread 0x000001f19b905ab0 6563       1       org.antlr.v4.runtime.atn.LexerATNSimulator::getLine (5 bytes)
Event: 80.108 Thread 0x000001f19b905ab0 nmethod 6563 0x000001f195e1f490 code [0x000001f195e1f620, 0x000001f195e1f6e8]
Event: 80.108 Thread 0x000001f19b905ab0 6564       1       org.antlr.v4.runtime.atn.LexerATNSimulator::getCharPositionInLine (5 bytes)
Event: 80.108 Thread 0x000001f19b905ab0 nmethod 6564 0x000001f195e1f790 code [0x000001f195e1f920, 0x000001f195e1f9e8]
Event: 80.108 Thread 0x000001f19b905ab0 6560       1       org.antlr.v4.runtime.BufferedTokenStream::mark (2 bytes)
Event: 80.108 Thread 0x000001f19b905ab0 nmethod 6560 0x000001f195e1fa90 code [0x000001f195e1fc20, 0x000001f195e1fce8]
Event: 80.108 Thread 0x000001f19b905ab0 6561       1       org.antlr.v4.runtime.Recognizer::getState (5 bytes)
Event: 80.109 Thread 0x000001f19b905ab0 nmethod 6561 0x000001f195e1fd90 code [0x000001f195e1ff20, 0x000001f195e1ffe8]

GC Heap History (20 events):
Event: 70.283 GC heap after
{Heap after GC invocations=23 (full 0):
 garbage-first heap   total 48128K, used 29270K [0x00000000c2e00000, 0x0000000100000000)
  region size 1024K, 1 young (1024K), 1 survivors (1024K)
 Metaspace       used 66043K, committed 66688K, reserved 1114112K
  class space    used 9235K, committed 9536K, reserved 1048576K
}
Event: 72.399 GC heap before
{Heap before GC invocations=24 (full 0):
 garbage-first heap   total 50176K, used 43606K [0x00000000c2e00000, 0x0000000100000000)
  region size 1024K, 15 young (15360K), 1 survivors (1024K)
 Metaspace       used 67787K, committed 68480K, reserved 1114112K
  class space    used 9548K, committed 9856K, reserved 1048576K
}
Event: 72.407 GC heap after
{Heap after GC invocations=25 (full 0):
 garbage-first heap   total 50176K, used 29676K [0x00000000c2e00000, 0x0000000100000000)
  region size 1024K, 2 young (2048K), 2 survivors (2048K)
 Metaspace       used 67787K, committed 68480K, reserved 1114112K
  class space    used 9548K, committed 9856K, reserved 1048576K
}
Event: 74.635 GC heap before
{Heap before GC invocations=25 (full 0):
 garbage-first heap   total 50176K, used 42988K [0x00000000c2e00000, 0x0000000100000000)
  region size 1024K, 16 young (16384K), 2 survivors (2048K)
 Metaspace       used 71638K, committed 72320K, reserved 1114112K
  class space    used 10070K, committed 10368K, reserved 1048576K
}
Event: 74.655 GC heap after
{Heap after GC invocations=26 (full 0):
 garbage-first heap   total 50176K, used 29992K [0x00000000c2e00000, 0x0000000100000000)
  region size 1024K, 2 young (2048K), 2 survivors (2048K)
 Metaspace       used 71638K, committed 72320K, reserved 1114112K
  class space    used 10070K, committed 10368K, reserved 1048576K
}
Event: 75.891 GC heap before
{Heap before GC invocations=26 (full 0):
 garbage-first heap   total 50176K, used 44328K [0x00000000c2e00000, 0x0000000100000000)
  region size 1024K, 16 young (16384K), 2 survivors (2048K)
 Metaspace       used 72963K, committed 73600K, reserved 1114112K
  class space    used 10276K, committed 10560K, reserved 1048576K
}
Event: 75.903 GC heap after
{Heap after GC invocations=27 (full 0):
 garbage-first heap   total 50176K, used 31671K [0x00000000c2e00000, 0x0000000100000000)
  region size 1024K, 2 young (2048K), 2 survivors (2048K)
 Metaspace       used 72963K, committed 73600K, reserved 1114112K
  class space    used 10276K, committed 10560K, reserved 1048576K
}
Event: 77.317 GC heap before
{Heap before GC invocations=28 (full 0):
 garbage-first heap   total 53248K, used 42935K [0x00000000c2e00000, 0x0000000100000000)
  region size 1024K, 14 young (14336K), 2 survivors (2048K)
 Metaspace       used 76147K, committed 76800K, reserved 1179648K
  class space    used 10796K, committed 11072K, reserved 1048576K
}
Event: 77.332 GC heap after
{Heap after GC invocations=29 (full 0):
 garbage-first heap   total 53248K, used 32554K [0x00000000c2e00000, 0x0000000100000000)
  region size 1024K, 1 young (1024K), 1 survivors (1024K)
 Metaspace       used 76147K, committed 76800K, reserved 1179648K
  class space    used 10796K, committed 11072K, reserved 1048576K
}
Event: 78.794 GC heap before
{Heap before GC invocations=29 (full 0):
 garbage-first heap   total 53248K, used 47914K [0x00000000c2e00000, 0x0000000100000000)
  region size 1024K, 16 young (16384K), 1 survivors (1024K)
 Metaspace       used 77054K, committed 77760K, reserved 1179648K
  class space    used 10973K, committed 11264K, reserved 1048576K
}
Event: 78.807 GC heap after
{Heap after GC invocations=30 (full 0):
 garbage-first heap   total 53248K, used 33123K [0x00000000c2e00000, 0x0000000100000000)
  region size 1024K, 2 young (2048K), 2 survivors (2048K)
 Metaspace       used 77054K, committed 77760K, reserved 1179648K
  class space    used 10973K, committed 11264K, reserved 1048576K
}
Event: 79.040 GC heap before
{Heap before GC invocations=30 (full 0):
 garbage-first heap   total 53248K, used 46435K [0x00000000c2e00000, 0x0000000100000000)
  region size 1024K, 15 young (15360K), 2 survivors (2048K)
 Metaspace       used 77061K, committed 77760K, reserved 1179648K
  class space    used 10973K, committed 11264K, reserved 1048576K
}
Event: 79.049 GC heap after
{Heap after GC invocations=31 (full 0):
 garbage-first heap   total 53248K, used 33992K [0x00000000c2e00000, 0x0000000100000000)
  region size 1024K, 1 young (1024K), 1 survivors (1024K)
 Metaspace       used 77061K, committed 77760K, reserved 1179648K
  class space    used 10973K, committed 11264K, reserved 1048576K
}
Event: 79.435 GC heap before
{Heap before GC invocations=32 (full 0):
 garbage-first heap   total 58368K, used 47304K [0x00000000c2e00000, 0x0000000100000000)
  region size 1024K, 14 young (14336K), 1 survivors (1024K)
 Metaspace       used 77063K, committed 77760K, reserved 1179648K
  class space    used 10973K, committed 11264K, reserved 1048576K
}
Event: 79.440 GC heap after
{Heap after GC invocations=33 (full 0):
 garbage-first heap   total 58368K, used 33759K [0x00000000c2e00000, 0x0000000100000000)
  region size 1024K, 1 young (1024K), 1 survivors (1024K)
 Metaspace       used 77063K, committed 77760K, reserved 1179648K
  class space    used 10973K, committed 11264K, reserved 1048576K
}
Event: 79.820 GC heap before
{Heap before GC invocations=33 (full 0):
 garbage-first heap   total 58368K, used 52191K [0x00000000c2e00000, 0x0000000100000000)
  region size 1024K, 19 young (19456K), 1 survivors (1024K)
 Metaspace       used 77063K, committed 77760K, reserved 1179648K
  class space    used 10973K, committed 11264K, reserved 1048576K
}
Event: 79.839 GC heap after
{Heap after GC invocations=34 (full 0):
 garbage-first heap   total 59392K, used 37215K [0x00000000c2e00000, 0x0000000100000000)
  region size 1024K, 3 young (3072K), 3 survivors (3072K)
 Metaspace       used 77063K, committed 77760K, reserved 1179648K
  class space    used 10973K, committed 11264K, reserved 1048576K
}
Event: 80.157 GC heap before
{Heap before GC invocations=34 (full 0):
 garbage-first heap   total 59392K, used 50527K [0x00000000c2e00000, 0x0000000100000000)
  region size 1024K, 17 young (17408K), 3 survivors (3072K)
 Metaspace       used 77065K, committed 77760K, reserved 1179648K
  class space    used 10974K, committed 11264K, reserved 1048576K
}
Event: 80.177 GC heap after
{Heap after GC invocations=35 (full 0):
 garbage-first heap   total 59392K, used 40280K [0x00000000c2e00000, 0x0000000100000000)
  region size 1024K, 3 young (3072K), 3 survivors (3072K)
 Metaspace       used 77065K, committed 77760K, reserved 1179648K
  class space    used 10974K, committed 11264K, reserved 1048576K
}
Event: 80.478 GC heap before
{Heap before GC invocations=35 (full 0):
 garbage-first heap   total 68608K, used 51544K [0x00000000c2e00000, 0x0000000100000000)
  region size 1024K, 14 young (14336K), 3 survivors (3072K)
 Metaspace       used 77065K, committed 77760K, reserved 1179648K
  class space    used 10974K, committed 11264K, reserved 1048576K
}

Dll operation events (9 events):
Event: 0.274 Loaded shared library C:\Program Files\Eclipse Adoptium\jdk-21.0.7.6-hotspot\bin\java.dll
Event: 1.590 Loaded shared library C:\Program Files\Eclipse Adoptium\jdk-21.0.7.6-hotspot\bin\jimage.dll
Event: 1.635 Loaded shared library C:\Program Files\Eclipse Adoptium\jdk-21.0.7.6-hotspot\bin\net.dll
Event: 1.653 Loaded shared library C:\Program Files\Eclipse Adoptium\jdk-21.0.7.6-hotspot\bin\nio.dll
Event: 1.670 Loaded shared library C:\Program Files\Eclipse Adoptium\jdk-21.0.7.6-hotspot\bin\zip.dll
Event: 2.237 Loaded shared library C:\Program Files\Eclipse Adoptium\jdk-21.0.7.6-hotspot\bin\management.dll
Event: 2.332 Loaded shared library C:\Program Files\Eclipse Adoptium\jdk-21.0.7.6-hotspot\bin\management_ext.dll
Event: 4.067 Loaded shared library C:\Program Files\Eclipse Adoptium\jdk-21.0.7.6-hotspot\bin\extnet.dll
Event: 15.438 Loaded shared library C:\Program Files\Eclipse Adoptium\jdk-21.0.7.6-hotspot\bin\sunmscapi.dll

Deoptimization events (8 events):
Event: 52.208 Thread 0x000001f18cc5e360 DEOPT PACKING pc=0x000001f1954da84c sp=0x00000085c5afc9e0
Event: 52.209 Thread 0x000001f18cc5e360 DEOPT UNPACKING pc=0x000001f195394e23 sp=0x00000085c5afbf10 mode 0
Event: 53.365 Thread 0x000001f1e142b4e0 DEOPT PACKING pc=0x000001f1958a55cc sp=0x00000085c77febd0
Event: 53.365 Thread 0x000001f1e142b4e0 DEOPT UNPACKING pc=0x000001f195394e23 sp=0x00000085c77fe110 mode 0
Event: 55.449 Thread 0x000001f19b9ae7b0 DEOPT PACKING pc=0x000001f1958f4f14 sp=0x00000085c69ff030
Event: 55.449 Thread 0x000001f19b9ae7b0 DEOPT UNPACKING pc=0x000001f195394e23 sp=0x00000085c69fe578 mode 0
Event: 56.571 Thread 0x000001f1e2525ff0 DEOPT PACKING pc=0x000001f1958f4f14 sp=0x00000085c6bff150
Event: 56.571 Thread 0x000001f1e2525ff0 DEOPT UNPACKING pc=0x000001f195394e23 sp=0x00000085c6bfe698 mode 0

Classes loaded (20 events):
Event: 75.813 Loading class java/util/WeakHashMap$KeyIterator
Event: 75.813 Loading class java/util/WeakHashMap$KeyIterator done
Event: 75.979 Loading class java/lang/Package$1PackageInfoProxy
Event: 75.979 Loading class java/lang/Package$1PackageInfoProxy done
Event: 76.673 Loading class java/util/regex/Pattern$Neg
Event: 76.673 Loading class java/util/regex/Pattern$Neg done
Event: 76.684 Loading class java/util/regex/Pattern$SliceU
Event: 76.684 Loading class java/util/regex/Pattern$SliceU done
Event: 76.684 Loading class java/util/regex/Pattern$Bound
Event: 76.685 Loading class java/util/regex/Pattern$Bound done
Event: 76.687 Loading class java/util/regex/Pattern$LookBehindEndNode
Event: 76.690 Loading class java/util/regex/Pattern$LookBehindEndNode done
Event: 76.690 Loading class java/util/regex/Pattern$NotBehind
Event: 76.691 Loading class java/util/regex/Pattern$NotBehind done
Event: 76.692 Loading class java/util/regex/Pattern$Behind
Event: 76.693 Loading class java/util/regex/Pattern$Behind done
Event: 76.780 Loading class java/util/EmptyStackException
Event: 76.781 Loading class java/util/EmptyStackException done
Event: 77.966 Loading class java/io/InvalidClassException
Event: 77.966 Loading class java/io/InvalidClassException done

Classes unloaded (20 events):
Event: 63.645 Thread 0x000001f19b8dbeb0 Unloading class 0x000001f19d4ac000 'java/lang/invoke/LambdaForm$MH+0x000001f19d4ac000'
Event: 63.645 Thread 0x000001f19b8dbeb0 Unloading class 0x000001f19d49cc00 'java/lang/invoke/LambdaForm$MH+0x000001f19d49cc00'
Event: 63.645 Thread 0x000001f19b8dbeb0 Unloading class 0x000001f19d49c800 'java/lang/invoke/LambdaForm$MH+0x000001f19d49c800'
Event: 63.645 Thread 0x000001f19b8dbeb0 Unloading class 0x000001f19d49c400 'java/lang/invoke/LambdaForm$MH+0x000001f19d49c400'
Event: 63.645 Thread 0x000001f19b8dbeb0 Unloading class 0x000001f19d3f9800 'java/lang/invoke/LambdaForm$MH+0x000001f19d3f9800'
Event: 63.645 Thread 0x000001f19b8dbeb0 Unloading class 0x000001f19d205000 'java/lang/invoke/LambdaForm$MH+0x000001f19d205000'
Event: 63.645 Thread 0x000001f19b8dbeb0 Unloading class 0x000001f19d204c00 'java/lang/invoke/LambdaForm$MH+0x000001f19d204c00'
Event: 63.645 Thread 0x000001f19b8dbeb0 Unloading class 0x000001f19d1c4400 'java/lang/invoke/LambdaForm$MH+0x000001f19d1c4400'
Event: 63.645 Thread 0x000001f19b8dbeb0 Unloading class 0x000001f19d1c4000 'java/lang/invoke/LambdaForm$MH+0x000001f19d1c4000'
Event: 63.645 Thread 0x000001f19b8dbeb0 Unloading class 0x000001f19d1ac400 'java/lang/invoke/LambdaForm$MH+0x000001f19d1ac400'
Event: 70.425 Thread 0x000001f19b8dbeb0 Unloading class 0x000001f19d6bc400 'java/lang/invoke/LambdaForm$MH+0x000001f19d6bc400'
Event: 70.425 Thread 0x000001f19b8dbeb0 Unloading class 0x000001f19d6bc000 'java/lang/invoke/LambdaForm$MH+0x000001f19d6bc000'
Event: 70.425 Thread 0x000001f19b8dbeb0 Unloading class 0x000001f19d59d800 'java/lang/invoke/LambdaForm$MH+0x000001f19d59d800'
Event: 70.425 Thread 0x000001f19b8dbeb0 Unloading class 0x000001f19d494800 'java/lang/invoke/LambdaForm$MH+0x000001f19d494800'
Event: 70.425 Thread 0x000001f19b8dbeb0 Unloading class 0x000001f19d0d9000 'java/lang/invoke/LambdaForm$MH+0x000001f19d0d9000'
Event: 70.425 Thread 0x000001f19b8dbeb0 Unloading class 0x000001f19d0d8c00 'java/lang/invoke/LambdaForm$MH+0x000001f19d0d8c00'
Event: 76.060 Thread 0x000001f19b8dbeb0 Unloading class 0x000001f19d3f9400 'java/lang/invoke/LambdaForm$MH+0x000001f19d3f9400'
Event: 76.061 Thread 0x000001f19b8dbeb0 Unloading class 0x000001f19d3f9000 'java/lang/invoke/LambdaForm$MH+0x000001f19d3f9000'
Event: 76.061 Thread 0x000001f19b8dbeb0 Unloading class 0x000001f19d3f8800 'java/lang/invoke/LambdaForm$MH+0x000001f19d3f8800'
Event: 76.061 Thread 0x000001f19b8dbeb0 Unloading class 0x000001f19d3f8000 'java/lang/invoke/LambdaForm$MH+0x000001f19d3f8000'

Classes redefined (0 events):
No events

Internal exceptions (20 events):
Event: 67.551 Thread 0x000001f18cc5e360 Exception <a 'java/lang/NoSuchMethodError'{0x00000000c577b2a8}: 'java.lang.Object java.lang.invoke.DirectMethodHandle$Holder.invokeStaticInit(java.lang.Object, java.lang.Object, int, java.lang.Object)'> (0x00000000c577b2a8) 
thrown [s\src\hotspot\share\interpreter\linkResolver.cpp, line 773]
Event: 72.061 Thread 0x000001f18cc5e360 Exception <a 'java/lang/NoSuchMethodError'{0x00000000c5393090}: 'void java.lang.invoke.DirectMethodHandle$Holder.invokeSpecial(java.lang.Object, java.lang.Object, java.lang.Object, java.lang.Object, java.lang.Object, int, java.lang.Object, java.lang.Object)'> (0x00000000c5393090) 
thrown [s\src\hotspot\share\interpreter\linkResolver.cpp, line 773]
Event: 72.068 Thread 0x000001f18cc5e360 Exception <a 'java/lang/NoSuchMethodError'{0x00000000c53ae380}: 'void java.lang.invoke.DirectMethodHandle$Holder.invokeStaticInit(java.lang.Object, int, java.lang.Object, java.lang.Object, java.lang.Object, java.lang.Object)'> (0x00000000c53ae380) 
thrown [s\src\hotspot\share\interpreter\linkResolver.cpp, line 773]
Event: 72.236 Thread 0x000001f18cc5e360 Exception <a 'java/lang/NoSuchMethodError'{0x00000000c52e97d0}: 'int java.lang.invoke.DirectMethodHandle$Holder.invokeStatic(java.lang.Object, java.lang.Object, java.lang.Object, java.lang.Object, java.lang.Object, java.lang.Object)'> (0x00000000c52e97d0) 
thrown [s\src\hotspot\share\interpreter\linkResolver.cpp, line 773]
Event: 72.249 Thread 0x000001f18cc5e360 Exception <a 'java/lang/NoSuchMethodError'{0x00000000c52fe4d0}: 'int java.lang.invoke.DirectMethodHandle$Holder.invokeStatic(java.lang.Object, java.lang.Object, java.lang.Object, java.lang.Object, java.lang.Object)'> (0x00000000c52fe4d0) 
thrown [s\src\hotspot\share\interpreter\linkResolver.cpp, line 773]
Event: 72.252 Thread 0x000001f18cc5e360 Exception <a 'java/lang/NoSuchMethodError'{0x00000000c51100e8}: 'java.lang.Object java.lang.invoke.DirectMethodHandle$Holder.newInvokeSpecial(java.lang.Object, java.lang.Object, java.lang.Object, java.lang.Object, java.lang.Object, java.lang.Object, java.lang.Object)'> (0x00000000c51100e8) 
thrown [s\src\hotspot\share\interpreter\linkResolver.cpp, line 773]
Event: 72.349 Thread 0x000001f18cc5e360 Exception <a 'java/lang/NoSuchMethodError'{0x00000000c5193e78}: 'void java.lang.invoke.DirectMethodHandle$Holder.invokeInterface(java.lang.Object, java.lang.Object, int, java.lang.Object)'> (0x00000000c5193e78) 
thrown [s\src\hotspot\share\interpreter\linkResolver.cpp, line 773]
Event: 72.369 Thread 0x000001f18cc5e360 Exception <a 'java/lang/NoSuchMethodError'{0x00000000c51c3b20}: 'java.lang.Object java.lang.invoke.DirectMethodHandle$Holder.newInvokeSpecial(java.lang.Object, java.lang.Object, int, java.lang.Object)'> (0x00000000c51c3b20) 
thrown [s\src\hotspot\share\interpreter\linkResolver.cpp, line 773]
Event: 72.480 Thread 0x000001f18cc5e360 Exception <a 'java/lang/NoSuchMethodError'{0x00000000c6b99388}: 'void java.lang.invoke.DirectMethodHandle$Holder.invokeSpecial(java.lang.Object, java.lang.Object, java.lang.Object, java.lang.Object, java.lang.Object, java.lang.Object, java.lang.Object, java.lang.Object)'> (0x00000000c6b99388) 
thrown [s\src\hotspot\share\interpreter\linkResolver.cpp, line 773]
Event: 72.708 Thread 0x000001f18cc5e360 Exception <a 'java/lang/NoSuchMethodError'{0x00000000c66551a0}: 'int java.lang.invoke.DirectMethodHandle$Holder.invokeStatic(java.lang.Object, int, java.lang.Object)'> (0x00000000c66551a0) 
thrown [s\src\hotspot\share\interpreter\linkResolver.cpp, line 773]
Event: 72.749 Thread 0x000001f18cc5e360 Exception <a 'java/lang/NoSuchMethodError'{0x00000000c66a3f50}: 'java.lang.Object java.lang.invoke.DirectMethodHandle$Holder.newInvokeSpecial(java.lang.Object, java.lang.Object, java.lang.Object, java.lang.Object, java.lang.Object, java.lang.Object, java.lang.Object, java.lang.Object, java.lang.Object, java.lang.Object, java.lang.Object, java.lang.Object)'> (0x00000000c66a3f50) 
thrown [s\src\hotspot\share\interpreter\linkResolver.cpp, line 773]
Event: 72.751 Thread 0x000001f18cc5e360 Exception <a 'java/lang/NoSuchMethodError'{0x00000000c66a8888}: 'java.lang.Object java.lang.invoke.DirectMethodHandle$Holder.invokeSpecial(java.lang.Object, java.lang.Object, java.lang.Object, java.lang.Object, java.lang.Object, java.lang.Object, java.lang.Object, java.lang.Object, java.lang.Object, java.lang.Object, java.lang.Object, java.lang.Object, java.lang.Object)'> (0x00000000c66a8888) 
thrown [s\src\hotspot\share\interpreter\linkResolver.cpp, line 773]
Event: 72.752 Thread 0x000001f18cc5e360 Exception <a 'java/lang/NoSuchMethodError'{0x00000000c66acd80}: 'java.lang.Object java.lang.invoke.Invokers$Holder.linkToTargetMethod(java.lang.Object, java.lang.Object, java.lang.Object, java.lang.Object, java.lang.Object, java.lang.Object, java.lang.Object, java.lang.Object, java.lang.Object, java.lang.Object, java.lang.Object, java.lang.Object)'> (0x00000000c66acd80) 
thrown [s\src\hotspot\share\interpreter\linkResolver.cpp, line 773]
Event: 73.097 Thread 0x000001f18cc5e360 Exception <a 'java/lang/IncompatibleClassChangeError'{0x00000000c5a6c2a0}: Found class java.lang.Object, but interface was expected> (0x00000000c5a6c2a0) 
thrown [s\src\hotspot\share\interpreter\linkResolver.cpp, line 840]
Event: 73.193 Thread 0x000001f18cc5e360 Exception <a 'java/lang/NoSuchMethodError'{0x00000000c5afce08}: 'java.lang.Object java.lang.invoke.DirectMethodHandle$Holder.newInvokeSpecial(java.lang.Object, java.lang.Object, int, java.lang.Object, int, java.lang.Object, java.lang.Object)'> (0x00000000c5afce08) 
thrown [s\src\hotspot\share\interpreter\linkResolver.cpp, line 773]
Event: 74.996 Thread 0x000001f18cc5e360 Exception <a 'java/lang/NoSuchMethodError'{0x00000000c5ac8cf8}: 'void java.lang.invoke.DelegatingMethodHandle$Holder.reinvoke_L(java.lang.Object, java.lang.Object, int)'> (0x00000000c5ac8cf8) 
thrown [s\src\hotspot\share\interpreter\linkResolver.cpp, line 773]
Event: 75.168 Thread 0x000001f18cc5e360 Exception <a 'java/lang/IncompatibleClassChangeError'{0x00000000c57a01b0}: Found class java.lang.Object, but interface was expected> (0x00000000c57a01b0) 
thrown [s\src\hotspot\share\interpreter\linkResolver.cpp, line 840]
Event: 75.401 Thread 0x000001f18cc5e360 Exception <a 'java/lang/IncompatibleClassChangeError'{0x00000000c5416ca8}: Found class java.lang.Object, but interface was expected> (0x00000000c5416ca8) 
thrown [s\src\hotspot\share\interpreter\linkResolver.cpp, line 840]
Event: 76.612 Thread 0x000001f18cc5e360 Exception <a 'java/lang/IncompatibleClassChangeError'{0x00000000c5b12390}: Found class java.lang.Object, but interface was expected> (0x00000000c5b12390) 
thrown [s\src\hotspot\share\interpreter\linkResolver.cpp, line 840]
Event: 76.696 Thread 0x000001f18cc5e360 Exception <a 'java/lang/IncompatibleClassChangeError'{0x00000000c5bc6528}: Found class java.lang.Object, but interface was expected> (0x00000000c5bc6528) 
thrown [s\src\hotspot\share\interpreter\linkResolver.cpp, line 840]

ZGC Phase Switch (0 events):
No events

VM Operations (20 events):
Event: 78.077 Executing VM operation: HandshakeAllThreads (Deoptimize) done
Event: 78.794 Executing VM operation: G1CollectForAllocation (G1 Evacuation Pause)
Event: 78.808 Executing VM operation: G1CollectForAllocation (G1 Evacuation Pause) done
Event: 78.818 Executing VM operation: HandshakeAllThreads (Deoptimize)
Event: 78.818 Executing VM operation: HandshakeAllThreads (Deoptimize) done
Event: 79.040 Executing VM operation: G1CollectForAllocation (G1 Evacuation Pause)
Event: 79.049 Executing VM operation: G1CollectForAllocation (G1 Evacuation Pause) done
Event: 79.223 Executing VM operation: G1PauseRemark
Event: 79.244 Executing VM operation: G1PauseRemark done
Event: 79.332 Executing VM operation: G1PauseCleanup
Event: 79.332 Executing VM operation: G1PauseCleanup done
Event: 79.435 Executing VM operation: G1CollectForAllocation (G1 Evacuation Pause)
Event: 79.440 Executing VM operation: G1CollectForAllocation (G1 Evacuation Pause) done
Event: 79.820 Executing VM operation: G1CollectForAllocation (G1 Evacuation Pause)
Event: 79.839 Executing VM operation: G1CollectForAllocation (G1 Evacuation Pause) done
Event: 80.157 Executing VM operation: G1CollectForAllocation (G1 Evacuation Pause)
Event: 80.177 Executing VM operation: G1CollectForAllocation (G1 Evacuation Pause) done
Event: 80.382 Executing VM operation: G1PauseRemark
Event: 80.394 Executing VM operation: G1PauseRemark done
Event: 80.477 Executing VM operation: G1CollectForAllocation (G1 Evacuation Pause)

Memory protections (0 events):
No events

Nmethod flushes (20 events):
Event: 70.451 Thread 0x000001f19b8dbeb0 flushing  nmethod 0x000001f195cd2b10
Event: 76.077 Thread 0x000001f19b8dbeb0 flushing  nmethod 0x000001f195909390
Event: 76.077 Thread 0x000001f19b8dbeb0 flushing  nmethod 0x000001f19591e410
Event: 76.077 Thread 0x000001f19b8dbeb0 flushing  nmethod 0x000001f195960c90
Event: 76.077 Thread 0x000001f19b8dbeb0 flushing  nmethod 0x000001f195961510
Event: 76.077 Thread 0x000001f19b8dbeb0 flushing  nmethod 0x000001f195c6d910
Event: 76.077 Thread 0x000001f19b8dbeb0 flushing  nmethod 0x000001f195c6dc90
Event: 76.077 Thread 0x000001f19b8dbeb0 flushing  nmethod 0x000001f195635710
Event: 76.077 Thread 0x000001f19b8dbeb0 flushing  nmethod 0x000001f1955a1b10
Event: 76.077 Thread 0x000001f19b8dbeb0 flushing  nmethod 0x000001f195915610
Event: 79.242 Thread 0x000001f19b8dbeb0 flushing  nmethod 0x000001f195d71090
Event: 79.242 Thread 0x000001f19b8dbeb0 flushing  nmethod 0x000001f19591eb10
Event: 79.242 Thread 0x000001f19b8dbeb0 flushing  nmethod 0x000001f195c60090
Event: 79.242 Thread 0x000001f19b8dbeb0 flushing  nmethod 0x000001f195d98990
Event: 80.392 Thread 0x000001f19b8dbeb0 flushing  nmethod 0x000001f195ddaa90
Event: 80.392 Thread 0x000001f19b8dbeb0 flushing  nmethod 0x000001f195e05710
Event: 80.392 Thread 0x000001f19b8dbeb0 flushing  nmethod 0x000001f195de8b90
Event: 80.392 Thread 0x000001f19b8dbeb0 flushing  nmethod 0x000001f195dfd290
Event: 80.392 Thread 0x000001f19b8dbeb0 flushing  nmethod 0x000001f195dfef10
Event: 80.392 Thread 0x000001f19b8dbeb0 flushing  nmethod 0x000001f195e09710

Events (20 events):
Event: 4.538 Thread 0x000001f1e1314860 Thread added: 0x000001f1e142b4e0
Event: 9.117 Thread 0x000001f18cc5e360 Thread added: 0x000001f1e1cfd320
Event: 10.484 Thread 0x000001f19ba086b0 Thread exited: 0x000001f19ba086b0
Event: 10.484 Thread 0x000001f19ba00000 Thread exited: 0x000001f19ba00000
Event: 13.830 Thread 0x000001f19b905ab0 Thread added: 0x000001f1e1e07f30
Event: 13.879 Thread 0x000001f1e1e07f30 Thread added: 0x000001f1e1de87d0
Event: 16.292 Thread 0x000001f18cc5e360 Thread added: 0x000001f1e1cfcc90
Event: 16.598 Thread 0x000001f1e1cfcc90 Thread exited: 0x000001f1e1cfcc90
Event: 17.461 Thread 0x000001f1e1cfd320 Thread exited: 0x000001f1e1cfd320
Event: 41.060 Thread 0x000001f18cc5e360 Thread added: 0x000001f1e25252d0
Event: 41.084 Thread 0x000001f18cc5e360 Thread added: 0x000001f1e2524c40
Event: 41.104 Thread 0x000001f18cc5e360 Thread added: 0x000001f1e2525960
Event: 43.533 Thread 0x000001f1e1de87d0 Thread exited: 0x000001f1e1de87d0
Event: 51.472 Thread 0x000001f18cc5e360 Thread added: 0x000001f1e2525ff0
Event: 52.959 Thread 0x000001f1e1e07f30 Thread exited: 0x000001f1e1e07f30
Event: 56.389 Thread 0x000001f18cc5e360 Thread added: 0x000001f1e2522b70
Event: 56.571 Thread 0x000001f1e2522b70 Thread added: 0x000001f1e2523200
Event: 62.948 Thread 0x000001f1e2523200 Thread exited: 0x000001f1e2523200
Event: 74.390 Thread 0x000001f18cc5e360 Thread added: 0x000001f1e2523200
Event: 74.406 Thread 0x000001f1e2523200 Thread exited: 0x000001f1e2523200


Dynamic libraries:
0x00007ff7cd8c0000 - 0x00007ff7cd8ce000 	C:\Program Files\Eclipse Adoptium\jdk-21.0.7.6-hotspot\bin\javaw.exe
0x00007ffc5d4c0000 - 0x00007ffc5d726000 	C:\WINDOWS\SYSTEM32\ntdll.dll
0x00007ffc5b760000 - 0x00007ffc5b829000 	C:\WINDOWS\System32\KERNEL32.DLL
0x00007ffc5ad30000 - 0x00007ffc5b12f000 	C:\WINDOWS\System32\KERNELBASE.dll
0x00007ffc5aa20000 - 0x00007ffc5ab6c000 	C:\WINDOWS\System32\ucrtbase.dll
0x00007ffc3e7a0000 - 0x00007ffc3e7b8000 	C:\Program Files\Eclipse Adoptium\jdk-21.0.7.6-hotspot\bin\jli.dll
0x00007ffc5c0b0000 - 0x00007ffc5c276000 	C:\WINDOWS\System32\USER32.dll
0x00007ffc5ab80000 - 0x00007ffc5aba7000 	C:\WINDOWS\System32\win32u.dll
0x00007ffc5b730000 - 0x00007ffc5b75b000 	C:\WINDOWS\System32\GDI32.dll
0x00007ffc5a8f0000 - 0x00007ffc5aa19000 	C:\WINDOWS\System32\gdi32full.dll
0x00007ffc5b140000 - 0x00007ffc5b1e3000 	C:\WINDOWS\System32\msvcp_win.dll
0x00007ffc3c8a0000 - 0x00007ffc3cb31000 	C:\WINDOWS\WinSxS\amd64_microsoft.windows.common-controls_6595b64144ccf1df_6.0.26100.8972_none_3e0da176e32f9d4b\COMCTL32.dll
0x00007ffc5b680000 - 0x00007ffc5b729000 	C:\WINDOWS\System32\msvcrt.dll
0x00007ffc39c10000 - 0x00007ffc39c2e000 	C:\Program Files\Eclipse Adoptium\jdk-21.0.7.6-hotspot\bin\VCRUNTIME140.dll
0x00007ffc5cfc0000 - 0x00007ffc5cff2000 	C:\WINDOWS\System32\IMM32.DLL
0x00007ffc3e900000 - 0x00007ffc3e90c000 	C:\Program Files\Eclipse Adoptium\jdk-21.0.7.6-hotspot\bin\vcruntime140_1.dll
0x00007ffc35b50000 - 0x00007ffc35bdd000 	C:\Program Files\Eclipse Adoptium\jdk-21.0.7.6-hotspot\bin\msvcp140.dll
0x00007ffbf6ed0000 - 0x00007ffbf7c60000 	C:\Program Files\Eclipse Adoptium\jdk-21.0.7.6-hotspot\bin\server\jvm.dll
0x00007ffc5d1e0000 - 0x00007ffc5d29c000 	C:\WINDOWS\System32\ADVAPI32.dll
0x00007ffc5ce80000 - 0x00007ffc5cf2a000 	C:\WINDOWS\System32\sechost.dll
0x00007ffc5c280000 - 0x00007ffc5c398000 	C:\WINDOWS\System32\RPCRT4.dll
0x00007ffc5bdf0000 - 0x00007ffc5be72000 	C:\WINDOWS\System32\WS2_32.dll
0x00007ffc5a530000 - 0x00007ffc5a58e000 	C:\WINDOWS\SYSTEM32\POWRPROF.dll
0x00007ffc426c0000 - 0x00007ffc426f6000 	C:\WINDOWS\SYSTEM32\WINMM.dll
0x00007ffc4e6d0000 - 0x00007ffc4e6db000 	C:\WINDOWS\SYSTEM32\VERSION.dll
0x00007ffc5a510000 - 0x00007ffc5a525000 	C:\WINDOWS\SYSTEM32\UMPDC.dll
0x00007ffc593c0000 - 0x00007ffc593db000 	C:\WINDOWS\SYSTEM32\kernel.appcore.dll
0x00007ffc3bd20000 - 0x00007ffc3bd2a000 	C:\Program Files\Eclipse Adoptium\jdk-21.0.7.6-hotspot\bin\jimage.dll
0x00007ffc57cb0000 - 0x00007ffc57ef2000 	C:\WINDOWS\SYSTEM32\DBGHELP.DLL
0x00007ffc5b1f0000 - 0x00007ffc5b575000 	C:\WINDOWS\System32\combase.dll
0x00007ffc5c3a0000 - 0x00007ffc5c479000 	C:\WINDOWS\System32\OLEAUT32.dll
0x00007ffc3d810000 - 0x00007ffc3d84b000 	C:\WINDOWS\SYSTEM32\dbgcore.DLL
0x00007ffc5abb0000 - 0x00007ffc5ac5c000 	C:\WINDOWS\System32\bcryptPrimitives.dll
0x00007ffc38c80000 - 0x00007ffc38c9f000 	C:\Program Files\Eclipse Adoptium\jdk-21.0.7.6-hotspot\bin\java.dll
0x00007ffc5c5f0000 - 0x00007ffc5cd78000 	C:\WINDOWS\System32\SHELL32.dll
0x00007ffc581c0000 - 0x00007ffc58a5b000 	C:\WINDOWS\SYSTEM32\windows.storage.dll
0x00007ffc5b580000 - 0x00007ffc5b679000 	C:\WINDOWS\System32\SHCORE.dll
0x00007ffc5bd70000 - 0x00007ffc5bdd6000 	C:\WINDOWS\System32\shlwapi.dll
0x00007ffc5a5f0000 - 0x00007ffc5a619000 	C:\WINDOWS\SYSTEM32\profapi.dll
0x00007ffc35e10000 - 0x00007ffc35e20000 	C:\Program Files\Eclipse Adoptium\jdk-21.0.7.6-hotspot\bin\net.dll
0x00007ffc4bed0000 - 0x00007ffc4bff8000 	C:\WINDOWS\SYSTEM32\WINHTTP.dll
0x00007ffc59970000 - 0x00007ffc599dc000 	C:\WINDOWS\system32\mswsock.dll
0x00007ffc35df0000 - 0x00007ffc35e06000 	C:\Program Files\Eclipse Adoptium\jdk-21.0.7.6-hotspot\bin\nio.dll
0x00007ffc35b30000 - 0x00007ffc35b48000 	C:\Program Files\Eclipse Adoptium\jdk-21.0.7.6-hotspot\bin\zip.dll
0x00007ffc35de0000 - 0x00007ffc35dea000 	C:\Program Files\Eclipse Adoptium\jdk-21.0.7.6-hotspot\bin\management.dll
0x00007ffc35b20000 - 0x00007ffc35b2b000 	C:\Program Files\Eclipse Adoptium\jdk-21.0.7.6-hotspot\bin\management_ext.dll
0x00007ffc5d470000 - 0x00007ffc5d478000 	C:\WINDOWS\System32\PSAPI.DLL
0x00007ffbc1c00000 - 0x00007ffbc1c18000 	C:\WINDOWS\system32\napinsp.dll
0x00007ffc58f20000 - 0x00007ffc59078000 	C:\WINDOWS\SYSTEM32\DNSAPI.dll
0x00007ffc59750000 - 0x00007ffc5975d000 	C:\WINDOWS\SYSTEM32\DSPARSE.dll
0x00007ffc58e40000 - 0x00007ffc58e73000 	C:\WINDOWS\SYSTEM32\IPHLPAPI.DLL
0x00007ffc5bde0000 - 0x00007ffc5bdea000 	C:\WINDOWS\System32\NSI.dll
0x00007ffbc1c20000 - 0x00007ffbc1c33000 	C:\WINDOWS\System32\winrnr.dll
0x00007ffc55ff0000 - 0x00007ffc56012000 	C:\WINDOWS\system32\nlansp_c.dll
0x00007ffc29ee0000 - 0x00007ffc29ef6000 	C:\WINDOWS\system32\wshbth.dll
0x00007ffc3f880000 - 0x00007ffc3f88b000 	C:\Windows\System32\rasadhlp.dll
0x00007ffc4b780000 - 0x00007ffc4b806000 	C:\WINDOWS\System32\fwpuclnt.dll
0x00007ffc59c60000 - 0x00007ffc59c7b000 	C:\WINDOWS\SYSTEM32\CRYPTSP.dll
0x00007ffc59320000 - 0x00007ffc59359000 	C:\WINDOWS\system32\rsaenh.dll
0x00007ffc59a20000 - 0x00007ffc59a52000 	C:\WINDOWS\SYSTEM32\USERENV.dll
0x00007ffc5a5c0000 - 0x00007ffc5a5ea000 	C:\WINDOWS\SYSTEM32\bcrypt.dll
0x00007ffc59c80000 - 0x00007ffc59c8c000 	C:\WINDOWS\SYSTEM32\CRYPTBASE.dll
0x00007ffc35b10000 - 0x00007ffc35b19000 	C:\Program Files\Eclipse Adoptium\jdk-21.0.7.6-hotspot\bin\extnet.dll
0x00007ffc35af0000 - 0x00007ffc35afe000 	C:\Program Files\Eclipse Adoptium\jdk-21.0.7.6-hotspot\bin\sunmscapi.dll
0x00007ffc5a6d0000 - 0x00007ffc5a84e000 	C:\WINDOWS\System32\CRYPT32.dll
0x00007ffc59ea0000 - 0x00007ffc59ed0000 	C:\WINDOWS\SYSTEM32\ncrypt.dll
0x00007ffc59e50000 - 0x00007ffc59e8f000 	C:\WINDOWS\SYSTEM32\NTASN1.dll

dbghelp: loaded successfully - version: 4.0.5 - missing functions: none
symbol engine: initialized successfully - sym options: 0x614 - pdb path: .;C:\Program Files\Eclipse Adoptium\jdk-21.0.7.6-hotspot\bin;C:\WINDOWS\SYSTEM32;C:\WINDOWS\WinSxS\amd64_microsoft.windows.common-controls_6595b64144ccf1df_6.0.26100.8972_none_3e0da176e32f9d4b;C:\Program Files\Eclipse Adoptium\jdk-21.0.7.6-hotspot\bin\server

VM Arguments:
jvm_args: -Dcom.sun.management.jmxremote -Dcom.sun.management.jmxremote.port=65423 -Dcom.sun.management.jmxremote.authenticate=false -Dcom.sun.management.jmxremote.ssl=false -Djava.rmi.server.hostname=localhost -Dspring.jmx.enabled=true -Dmanagement.endpoints.jmx.exposure.include=* -Dspring.application.admin.enabled=true -Dspring.output.ansi.enabled=always -XX:TieredStopAtLevel=1 -Dspring.boot.project.name=turnos -Dfile.encoding=UTF-8 -Dstdout.encoding=UTF-8 -Dstderr.encoding=UTF-8 -XX:+ShowCodeDetailsInExceptionMessages 
java_command: ies.belgrano.turnos.TurnosApplication
java_class_path (initial): C:\Users\santi\OneDrive\Documentos\Turnos_salud\Turnos-Backend\target\classes;C:\Users\santi\.m2\repository\org\springframework\boot\spring-boot-starter-data-jpa\4.1.1\spring-boot-starter-data-jpa-4.1.1.jar;C:\Users\santi\.m2\repository\org\springframework\boot\spring-boot-starter\4.1.1\spring-boot-starter-4.1.1.jar;C:\Users\santi\.m2\repository\org\springframework\boot\spring-boot-starter-logging\4.1.1\spring-boot-starter-logging-4.1.1.jar;C:\Users\santi\.m2\repository\ch\qos\logback\logback-classic\1.5.38\logback-classic-1.5.38.jar;C:\Users\santi\.m2\repository\ch\qos\logback\logback-core\1.5.38\logback-core-1.5.38.jar;C:\Users\santi\.m2\repository\org\apache\logging\log4j\log4j-to-slf4j\2.25.5\log4j-to-slf4j-2.25.5.jar;C:\Users\santi\.m2\repository\org\apache\logging\log4j\log4j-api\2.25.5\log4j-api-2.25.5.jar;C:\Users\santi\.m2\repository\org\slf4j\jul-to-slf4j\2.0.18\jul-to-slf4j-2.0.18.jar;C:\Users\santi\.m2\repository\org\springframework\boot\spring-boot-autoconfigure\4.1.1\spring-boot-autoconfigure-4.1.1.jar;C:\Users\santi\.m2\repository\jakarta\annotation\jakarta.annotation-api\3.0.0\jakarta.annotation-api-3.0.0.jar;C:\Users\santi\.m2\repository\org\yaml\snakeyaml\2.6\snakeyaml-2.6.jar;C:\Users\santi\.m2\repository\org\springframework\boot\spring-boot-starter-jdbc\4.1.1\spring-boot-starter-jdbc-4.1.1.jar;C:\Users\santi\.m2\repository\com\zaxxer\HikariCP\7.0.2\HikariCP-7.0.2.jar;C:\Users\santi\.m2\repository\org\springframework\boot\spring-boot-data-jpa\4.1.1\spring-boot-data-jpa-4.1.1.jar;C:\Users\santi\.m2\repository\org\springframework\boot\spring-boot-data-commons\4.1.1\spring-boot-data-commons-4.1.1.jar;C:\Users\santi\.m2\repository\org\springframework\boot\spring-boot-persistence\4.1.1\spring-boot-persistence-4.1.1.jar;C:\Users\santi\.m2\repository\org\springframework\data\spring-data-commons\4.1.1\spring-data-commons-4.1.1.jar;C:\Users\santi\.m2\repository\org\springframework\boot\spring-boot-hibernate\4.1.1\spring-boot-hibernate-4.1.1.jar;C:\Users\santi\.m2\repository\org\springframework\boot\spring-boot-jpa\4.1.1\spring-boot-jpa-4.1.1.jar;C:\Users\santi\.m2\repository\jakarta\persistence\jakarta.persistence-api\3.2.0\jakarta.persistence-api-3.2.0.jar;C:\Users\santi\.m2\repository\org\hibernate\orm\hibernate-core\7.4.5.Final\hibernate-core-7.4.5.Final.jar;C:\Users\santi\.m2\repository\jakarta\transaction\jakarta.transaction-api\2.0.1\jakarta.transaction-api-2.0.1.jar;C:\Users\santi\.m2\repository\org\hibernate\models\hibernate-models\1.1.1\hibernate-models-1.1.1.jar;C:\Users\santi\.m2\repository\org\glassfish\jaxb\jaxb-runtime\4.0.9\jaxb-runtime-4.0.9.jar;C:\Users\santi\.m2\repository\org\glassfish\jaxb\jaxb-core\4.0.9\jaxb-core-4.0.9.jar;C:\Users\santi\.m2\repository\org\eclipse\angus\angus-activation\2.0.3\angus-activation-2.0.3.jar;C:\Users\santi\.m2\repository\org\glassfish\jaxb\txw2\4.0.9\txw2-4.0.9.jar;C:\Users\santi\.m2\repository\com\sun\istack\istack-commons-runtime\4.1.2\istack-commons-runtime-4.1.2.jar;C:\Users\santi\.m2\repository\jakarta\inject\jakarta.inject-api\2.0.1\jakarta.inject-api-2.0.1.jar;C:\Users\santi\.m2\repository\org\springframework\spring-orm\7.0.9\spring-orm-7.0.9.jar;C:\Users\santi\.m2\repository\org\springframework\data\spring-data-jpa\4.1.1\spring-data-jpa-4.1.1.jar;C:\Users\santi\.m2\repository\org\springframework\spring-tx\7.0.9\spring-tx-7.0.9.jar;C:\Users\santi\.m2\repository\org\antlr\antlr4-runtime\4.13.2\antlr4-runtime-4.13.2.jar;C:\Users\santi\.m2\repository\org\springframework\spring-aspects\7.0.9\spring-aspects-7.0.9.jar;C:\Users\santi\.m2\repository\org\aspectj\aspectjweaver\1.9.25.1\aspectjweaver-1.9.25.1.jar;C:\Users\santi\.m2\repository\org\springframework\boot\spring-boot-jdbc\4.1.1\spring-boot-jdbc-4.1.1.jar;C:\Users\santi\.m2\repository\org\springframework\boot\spring-boot\4.1.1\spring-boot-4.1.1.jar;C:\Users\santi\.m2\repository\org\springframework\boot\spring-boot-sql\4.1.1\spring-boot-sql-4.1.1.jar;C:\Users\santi\.m2\repository\org\springframework\boot\spring-boot-transaction\4.1.1\spring-boot-transaction-4.1.1.jar;C:\Users\santi\.m2\repository\org\springframework\spring-jdbc\7.0.9\spring-jdbc-7.0.9.jar;C:\Users\santi\.m2\repository\org\springframework\boot\spring-boot-starter-validation\4.1.1\spring-boot-starter-validation-4.1.1.jar;C:\Users\santi\.m2\repository\org\springframework\boot\spring-boot-validation\4.1.1\spring-boot-validation-4.1.1.jar;C:\Users\santi\.m2\repository\org\apache\tomcat\embed\tomcat-embed-el\11.0.24\tomcat-embed-el-11.0.24.jar;C:\Users\santi\.m2\repository\org\hibernate\validator\hibernate-validator\9.1.3.Final\hibernate-validator-9.1.3.Final.jar;C:\Users\santi\.m2\repository\jakarta\validation\jakarta.validation-api\3.1.1\jakarta.validation-api-3.1.1.jar;C:\Users\santi\.m2\repository\org\jboss\logging\jboss-logging\3.6.3.Final\jboss-logging-3.6.3.Final.jar;C:\Users\santi\.m2\repository\com\fasterxml\classmate\1.7.3\classmate-1.7.3.jar;C:\Users\santi\.m2\repository\org\springframework\boot\spring-boot-starter-webmvc\4.1.1\spring-boot-starter-webmvc-4.1.1.jar;C:\Users\santi\.m2\repository\org\springframework\boot\spring-boot-starter-jackson\4.1.1\spring-boot-starter-jackson-4.1.1.jar;C:\Users\santi\.m2\repository\org\springframework\boot\spring-boot-jackson\4.1.1\spring-boot-jackson-4.1.1.jar;C:\Users\santi\.m2\repository\tools\jackson\core\jackson-databind\3.1.5\jackson-databind-3.1.5.jar;C:\Users\santi\.m2\repository\tools\jackson\core\jackson-core\3.1.5\jackson-core-3.1.5.jar;C:\Users\santi\.m2\repository\org\springframework\boot\spring-boot-starter-tomcat\4.1.1\spring-boot-starter-tomcat-4.1.1.jar;C:\Users\santi\.m2\repository\org\springframework\boot\spring-boot-starter-tomcat-runtime\4.1.1\spring-boot-starter-tomcat-runtime-4.1.1.jar;C:\Users\santi\.m2\repository\org\apache\tomcat\embed\tomcat-embed-core\11.0.24\tomcat-embed-core-11.0.24.jar;C:\Users\santi\.m2\repository\org\apache\tomcat\embed\tomcat-embed-websocket\11.0.24\tomcat-embed-websocket-11.0.24.jar;C:\Users\santi\.m2\repository\org\springframework\boot\spring-boot-tomcat\4.1.1\spring-boot-tomcat-4.1.1.jar;C:\Users\santi\.m2\repository\org\springframework\boot\spring-boot-http-converter\4.1.1\spring-boot-http-converter-4.1.1.jar;C:\Users\santi\.m2\repository\org\springframework\spring-web\7.0.9\spring-web-7.0.9.jar;C:\Users\santi\.m2\repository\org\springframework\boot\spring-boot-webmvc\4.1.1\spring-boot-webmvc-4.1.1.jar;C:\Users\santi\.m2\repository\org\springframework\boot\spring-boot-servlet\4.1.1\spring-boot-servlet-4.1.1.jar;C:\Users\santi\.m2\repository\org\springframework\spring-webmvc\7.0.9\spring-webmvc-7.0.9.jar;C:\Users\santi\.m2\repository\org\springdoc\springdoc-openapi-starter-webmvc-ui\3.1.0\springdoc-openapi-starter-webmvc-ui-3.1.0.jar;C:\Users\santi\.m2\repository\org\springdoc\springdoc-openapi-starter-webmvc-api\3.1.0\springdoc-openapi-starter-webmvc-api-3.1.0.jar;C:\Users\santi\.m2\repository\org\springdoc\springdoc-openapi-starter-common\3.1.0\springdoc-openapi-starter-common-3.1.0.jar;C:\Users\santi\.m2\repository\io\swagger\core\v3\swagger-core-jakarta\2.2.52\swagger-core-jakarta-2.2.52.jar;C:\Users\santi\.m2\repository\org\apache\commons\commons-lang3\3.20.0\commons-lang3-3.20.0.jar;C:\Users\santi\.m2\repository\io\swagger\core\v3\swagger-annotations-jakarta\2.2.52\swagger-annotations-jakarta-2.2.52.jar;C:\Users\santi\.m2\repository\io\swagger\core\v3\swagger-models-jakarta\2.2.52\swagger-models-jakarta-2.2.52.jar;C:\Users\santi\.m2\repository\com\fasterxml\jackson\dataformat\jackson-dataformat-yaml\2.21.5\jackson-dataformat-yaml-2.21.5.jar;C:\Users\santi\.m2\repository\com\fasterxml\jackson\datatype\jackson-datatype-jsr310\2.21.5\jackson-datatype-jsr310-2.21.5.jar;C:\Users\santi\.m2\repository\org\springframework\boot\spring-boot-web-server\4.1.1\spring-boot-web-server-4.1.1.jar;C:\Users\santi\.m2\repository\org\webjars\swagger-ui\5.32.11\swagger-ui-5.32.11.jar;C:\Users\santi\.m2\repository\org\webjars\webjars-locator-lite\1.1.4\webjars-locator-lite-1.1.4.jar;C:\Users\santi\.m2\repository\org\jspecify\jspecify\1.0.1\jspecify-1.0.1.jar;C:\Users\santi\.m2\repository\io\jsonwebtoken\jjwt-api\0.12.6\jjwt-api-0.12.6.jar;C:\Users\santi\.m2\repository\io\jsonwebtoken\jjwt-impl\0.12.6\jjwt-impl-0.12.6.jar;C:\Users\santi\.m2\repository\io\jsonwebtoken\jjwt-jackson\0.12.6\jjwt-jackson-0.12.6.jar;C:\Users\santi\.m2\repository\com\fasterxml\jackson\core\jackson-databind\2.21.5\jackson-databind-2.21.5.jar;C:\Users\santi\.m2\repository\com\fasterxml\jackson\core\jackson-annotations\2.21\jackson-annotations-2.21.jar;C:\Users\santi\.m2\repository\com\fasterxml\jackson\core\jackson-core\2.21.5\jackson-core-2.21.5.jar;C:\Users\santi\.m2\repository\org\springframework\boot\spring-boot-starter-security\4.1.1\spring-boot-starter-security-4.1.1.jar;C:\Users\santi\.m2\repository\org\springframework\boot\spring-boot-security\4.1.1\spring-boot-security-4.1.1.jar;C:\Users\santi\.m2\repository\org\springframework\security\spring-security-config\7.1.1\spring-security-config-7.1.1.jar;C:\Users\santi\.m2\repository\org\springframework\spring-aop\7.0.9\spring-aop-7.0.9.jar;C:\Users\santi\.m2\repository\org\springframework\spring-beans\7.0.9\spring-beans-7.0.9.jar;C:\Users\santi\.m2\repository\org\springframework\security\spring-security-crypto\7.1.1\spring-security-crypto-7.1.1.jar;C:\Users\santi\.m2\repository\com\mysql\mysql-connector-j\9.7.0\mysql-connector-j-9.7.0.jar;C:\Users\santi\.m2\repository\com\h2database\h2\2.4.240\h2-2.4.240.jar;C:\Users\santi\.m2\repository\org\slf4j\slf4j-api\2.0.18\slf4j-api-2.0.18.jar;C:\Users\santi\.m2\repository\jakarta\xml\bind\jakarta.xml.bind-api\4.0.5\jakarta.xml.bind-api-4.0.5.jar;C:\Users\santi\.m2\repository\jakarta\activation\jakarta.activation-api\2.1.4\jakarta.activation-api-2.1.4.jar;C:\Users\santi\.m2\repository\net\bytebuddy\byte-buddy\1.18.11\byte-buddy-1.18.11.jar;C:\Users\santi\.m2\repository\org\springframework\spring-core\7.0.9\spring-core-7.0.9.jar;C:\Users\santi\.m2\repository\commons-logging\commons-logging\1.3.6\commons-logging-1.3.6.jar;C:\Users\santi\.m2\repository\org\springframework\security\spring-security-core\7.1.1\spring-security-core-7.1.1.jar;C:\Users\santi\.m2\repository\org\springframework\spring-context\7.0.9\spring-context-7.0.9.jar;C:\Users\santi\.m2\repository\org\springframework\spring-expression\7.0.9\spring-expression-7.0.9.jar;C:\Users\santi\.m2\repository\io\micrometer\micrometer-observation\1.17.1\micrometer-observation-1.17.1.jar;C:\Users\santi\.m2\repository\io\micrometer\micrometer-commons\1.17.1\micrometer-commons-1.17.1.jar;C:\Users\santi\.m2\repository\org\springframework\security\spring-security-web\7.1.1\spring-security-web-7.1.1.jar
Launcher Type: SUN_STANDARD

[Global flags]
     intx CICompilerCount                          = 3                                         {product} {ergonomic}
     uint ConcGCThreads                            = 1                                         {product} {ergonomic}
     uint G1ConcRefinementThreads                  = 4                                         {product} {ergonomic}
   size_t G1HeapRegionSize                         = 1048576                                   {product} {ergonomic}
    uintx GCDrainStackTargetSize                   = 64                                        {product} {ergonomic}
   size_t InitialHeapSize                          = 65011712                                  {product} {ergonomic}
     bool ManagementServer                         = true                                      {product} {command line}
   size_t MarkStackSize                            = 4194304                                   {product} {ergonomic}
   size_t MaxHeapSize                              = 1025507328                                {product} {ergonomic}
   size_t MaxNewSize                               = 614465536                                 {product} {ergonomic}
   size_t MinHeapDeltaBytes                        = 1048576                                   {product} {ergonomic}
   size_t MinHeapSize                              = 8388608                                   {product} {ergonomic}
    uintx NonNMethodCodeHeapSize                   = 4096                                   {pd product} {ergonomic}
    uintx NonProfiledCodeHeapSize                  = 0                                      {pd product} {ergonomic}
     bool ProfileInterpreter                       = false                                  {pd product} {command line}
    uintx ProfiledCodeHeapSize                     = 0                                      {pd product} {ergonomic}
     bool ShowCodeDetailsInExceptionMessages       = true                                   {manageable} {command line}
   size_t SoftMaxHeapSize                          = 1025507328                             {manageable} {ergonomic}
     intx TieredStopAtLevel                        = 1                                         {product} {command line}
     bool UseCompressedOops                        = true                           {product lp64_product} {ergonomic}
     bool UseG1GC                                  = true                                      {product} {ergonomic}
     bool UseLargePagesIndividualAllocation        = false                                  {pd product} {ergonomic}

Logging:
Log output configuration:
 #0: stdout all=warning uptime,level,tags foldmultilines=false
 #1: stderr all=off uptime,level,tags foldmultilines=false

Environment Variables:
PATH=C:/Users/santi/OneDrive/Documentos/sts-5.1.1.RELEASE//plugins/org.eclipse.justj.openjdk.hotspot.jre.full.win32.x86_64_25.0.2.v20260203-1141/jre/bin/server;C:/Users/santi/OneDrive/Documentos/sts-5.1.1.RELEASE//plugins/org.eclipse.justj.openjdk.hotspot.jre.full.win32.x86_64_25.0.2.v20260203-1141/jre/bin;C:\Program Files\Common Files\Oracle\Java\javapath;C:\Program Files\Eclipse Adoptium\jdk-21.0.7.6-hotspot\bin;C:\Program Files (x86)\Common Files\Oracle\Java\java8path;C:\Program Files (x86)\Common Files\Oracle\Java\javapath;C:\windows\system32;C:\windows;C:\windows\System32\Wbem;C:\windows\System32\WindowsPowerShell\v1.0\;C:\windows\System32\OpenSSH\;C:\WINDOWS\system32;C:\WINDOWS;C:\WINDOWS\System32\Wbem;C:\WINDOWS\System32\WindowsPowerShell\v1.0\;C:\WINDOWS\System32\OpenSSH\;C:\Program Files\Git\cmd;C:\Program Files\nodejs\;C:\\Users\\santi\\AppData\\Local\\Blackbox\\bin;C:\Users\santi\AppData\Local\Microsoft\WindowsApps;C:\Users\santi\AppData\Local\Programs\Microsoft VS Code\bin;C:\Users\santi\AppData\Local\Programs\Windsurf\bin;C:\Users\santi\AppData\Local\Programs\Antigravity IDE\bin;C:\Users\santi\AppData\Roaming\npm;C:\Users\santi\OneDrive\Documentos\sts-5.1.1.RELEASE;
USERNAME=santi
OS=Windows_NT
PROCESSOR_IDENTIFIER=Intel64 Family 6 Model 122 Stepping 8, GenuineIntel
TMP=C:\Users\santi\AppData\Local\Temp
TEMP=C:\Users\santi\AppData\Local\Temp




Periodic native trim disabled

---------------  S Y S T E M  ---------------

OS:
 Windows 11 , 64 bit Build 26100 (10.0.26100.9168)
OS uptime: 0 days 23:42 hours

CPU: total 4 (initial active 4) (4 cores per cpu, 1 threads per core) family 6 model 122 stepping 8 microcode 0x22, cx8, cmov, fxsr, mmx, 3dnowpref, sse, sse2, sse3, ssse3, sse4.1, sse4.2, popcnt, tsc, tscinvbit, aes, erms, clmul, sha, clflush, clflushopt, rdtscp, rdpid
Processor Information for the first 4 processors :
  Max Mhz: 1101, Current Mhz: 1101, Mhz Limit: 1101

Memory: 4k page, system-wide physical 3909M (70M free)
TotalPageFile size 15685M (AvailPageFile size 9M)
current process WorkingSet (physical memory assigned to process): 220M, peak: 220M
current process commit charge ("private bytes"): 267M, peak: 294M

vm_info: OpenJDK 64-Bit Server VM (21.0.7+6-LTS) for windows-amd64 JRE (21.0.7+6-LTS), built on 2025-04-15T00:00:00Z by "admin" with MS VC++ 17.7 (VS2022)

END.
